{
   "test_empty": [ ],
   "test_mismatched_lengths": [
      [
         1,
         4,
         7,
         10
      ],
      [
         2,
         5,
         8,
         11
      ],
      [
         6,
         12
      ]
   ],
   "test_simple": null,
   "test_two_dimensional": [
      [
         1,
         4,
         7
      ],
      [
         2,
         5,
         8
      ],
      [
         3,
         6,
         9
      ]
   ]
}